 mysql -h udacity.cgaxy6hprhep.eu-central-1.rds.amazonaws.com -P 3306 -u admin -p
Enter password: 
Welcome to the MySQL monitor.  Commands end with ; or \g.
Your MySQL connection id is 112
Server version: 8.0.17 Source distribution

Copyright (c) 2000, 2020, Oracle and/or its affiliates. All rights reserved.

Oracle is a registered trademark of Oracle Corporation and/or its
affiliates. Other names may be trademarks of their respective
owners.

Type 'help;' or '\h' for help. Type '\c' to clear the current input statement.

mysql> show table;
ERROR 1064 (42000): You have an error in your SQL syntax; check the manual that corresponds to your MySQL server version for the right syntax to use near '' at line 1
mysql> CREATE DATABASE new;
Query OK, 1 row affected (0.02 sec)

mysql> SHOW DATABASES;
+--------------------+
| Database           |
+--------------------+
| information_schema |
| mysql              |
| new                |
| performance_schema |
+--------------------+
4 rows in set (0.00 sec)

mysql> USE new;
Database changed
mysql> mysql> CREATE TABLE `pet` (name VARCHAR(20), owner VARCHAR(20),species VARCHAR(20), sex CHAR(1), birth DATE, death DATE);
ERROR 1064 (42000): You have an error in your SQL syntax; check the manual that corresponds to your MySQL server version for the right syntax to use near 'mysql> CREATE TABLE `pet` (name VARCHAR(20), owner VARCHAR(20),species VARCHAR(2' at line 1
mysql> CREATE TABLE pet (name VARCHAR(20), owner VARCHAR(20),species VARCHAR(20), sex CHAR(1), birth DATE, death DATE);
Query OK, 0 rows affected (0.06 sec)

mysql> SHOW TABLES;
+---------------+
| Tables_in_new |
+---------------+
| pet           |
+---------------+
1 row in set (0.00 sec)

mysql> DELETE TABLE new;
ERROR 1064 (42000): You have an error in your SQL syntax; check the manual that corresponds to your MySQL server version for the right syntax to use near 'TABLE new' at line 1
mysql> DELETE TABLES new;
ERROR 1064 (42000): You have an error in your SQL syntax; check the manual that corresponds to your MySQL server version for the right syntax to use near 'new' at line 1
mysql> DELETE TABLES pet;
ERROR 1064 (42000): You have an error in your SQL syntax; check the manual that corresponds to your MySQL server version for the right syntax to use near 'pet' at line 1
mysql> DELETE TABLE pet;
ERROR 1064 (42000): You have an error in your SQL syntax; check the manual that corresponds to your MySQL server version for the right syntax to use near 'TABLE pet' at line 1
mysql> DROP TABLE pet;
Query OK, 0 rows affected (0.04 sec)

mysql> 
